2026-06-02 08:00:00 ERROR payment-service Database connection timeout
2026-06-02 08:00:03 ERROR auth-service Authentication token expired
2026-06-02 08:00:05 WARN inventory-service Cache miss for key product_catalog
2026-06-02 08:00:07 ERROR notification-service Failed to send email notification
2026-06-02 08:00:10 CRITICAL search-service Out of memory error during indexing
2026-06-02 08:00:12 ERROR user-service Rate limit exceeded for client
2026-06-02 08:00:13 WARN shipping-service Network unreachable to carrier API
2026-06-02 08:00:15 INFO gateway-service Request completed successfully
2026-06-02 08:00:16 ERROR payment-service Database connection timeout
2026-06-02 08:00:17 ERROR auth-service Authentication token expired
2026-06-02 08:00:20 WARN inventory-service Cache miss for key product_catalog
2026-06-02 08:00:23 ERROR notification-service Failed to send email notification
2026-06-02 08:00:26 CRITICAL search-service Out of memory error during indexing
2026-06-02 08:00:28 ERROR user-service Rate limit exceeded for client
2026-06-02 08:00:31 WARN shipping-service Network unreachable to carrier API
2026-06-02 08:00:34 INFO gateway-service Request completed successfully
2026-06-02 08:00:36 ERROR payment-service Database connection timeout
2026-06-02 08:00:39 ERROR auth-service Authentication token expired
2026-06-02 08:00:41 WARN inventory-service Cache miss for key product_catalog
2026-06-02 08:00:43 ERROR notification-service Failed to send email notification
2026-06-02 08:00:44 CRITICAL search-service Out of memory error during indexing
2026-06-02 08:00:45 ERROR user-service Rate limit exceeded for client
2026-06-02 08:00:48 WARN shipping-service Network unreachable to carrier API
2026-06-02 08:00:50 INFO gateway-service Request completed successfully
2026-06-02 08:00:51 ERROR payment-service Database connection timeout
2026-06-02 08:00:52 ERROR auth-service Authentication token expired
2026-06-02 08:00:53 WARN inventory-service Cache miss for key product_catalog
2026-06-02 08:00:54 ERROR notification-service Failed to send email notification
2026-06-02 08:00:57 CRITICAL search-service Out of memory error during indexing
2026-06-02 08:00:58 ERROR user-service Rate limit exceeded for client
2026-06-02 08:01:01 WARN shipping-service Network unreachable to carrier API
2026-06-02 08:01:03 INFO gateway-service Request completed successfully
2026-06-02 08:01:06 ERROR payment-service Database connection timeout
2026-06-02 08:01:07 ERROR auth-service Authentication token expired
2026-06-02 08:01:09 WARN inventory-service Cache miss for key product_catalog
2026-06-02 08:01:11 ERROR notification-service Failed to send email notification
2026-06-02 08:01:14 CRITICAL search-service Out of memory error during indexing
2026-06-02 08:01:16 ERROR user-service Rate limit exceeded for client
2026-06-02 08:01:19 WARN shipping-service Network unreachable to carrier API
2026-06-02 08:01:21 INFO gateway-service Request completed successfully
2026-06-02 08:01:24 ERROR payment-service Database connection timeout
2026-06-02 08:01:25 ERROR auth-service Authentication token expired
2026-06-02 08:01:28 WARN inventory-service Cache miss for key product_catalog
2026-06-02 08:01:31 ERROR notification-service Failed to send email notification
2026-06-02 08:01:32 CRITICAL search-service Out of memory error during indexing
2026-06-02 08:01:35 ERROR user-service Rate limit exceeded for client
2026-06-02 08:01:38 WARN shipping-service Network unreachable to carrier API
2026-06-02 08:01:40 INFO gateway-service Request completed successfully
2026-06-02 08:01:43 ERROR payment-service Database connection timeout
2026-06-02 08:01:45 ERROR auth-service Authentication token expired
2026-06-02 08:01:46 WARN inventory-service Cache miss for key product_catalog
2026-06-02 08:01:48 ERROR notification-service Failed to send email notification
2026-06-02 08:01:50 CRITICAL search-service Out of memory error during indexing
2026-06-02 08:01:51 ERROR user-service Rate limit exceeded for client
2026-06-02 08:01:53 WARN shipping-service Network unreachable to carrier API
2026-06-02 08:01:54 INFO gateway-service Request completed successfully
2026-06-02 08:01:57 ERROR payment-service Database connection timeout
2026-06-02 08:02:00 ERROR auth-service Authentication token expired
2026-06-02 08:02:02 WARN inventory-service Cache miss for key product_catalog
2026-06-02 08:02:05 ERROR notification-service Failed to send email notification
2026-06-02 08:02:06 CRITICAL search-service Out of memory error during indexing
2026-06-02 08:02:09 ERROR user-service Rate limit exceeded for client
2026-06-02 08:02:10 WARN shipping-service Network unreachable to carrier API
2026-06-02 08:02:13 INFO gateway-service Request completed successfully
2026-06-02 08:02:15 ERROR payment-service Database connection timeout
2026-06-02 08:02:18 ERROR auth-service Authentication token expired
2026-06-02 08:02:21 WARN inventory-service Cache miss for key product_catalog
2026-06-02 08:02:24 ERROR notification-service Failed to send email notification
2026-06-02 08:02:25 CRITICAL search-service Out of memory error during indexing
2026-06-02 08:02:26 ERROR user-service Rate limit exceeded for client
2026-06-02 08:02:28 WARN shipping-service Network unreachable to carrier API
2026-06-02 08:02:29 INFO gateway-service Request completed successfully
2026-06-02 08:02:32 ERROR payment-service Database connection timeout
2026-06-02 08:02:35 ERROR auth-service Authentication token expired
2026-06-02 08:02:36 WARN inventory-service Cache miss for key product_catalog
2026-06-02 08:02:39 ERROR notification-service Failed to send email notification
2026-06-02 08:02:41 CRITICAL search-service Out of memory error during indexing
2026-06-02 08:02:43 ERROR user-service Rate limit exceeded for client
2026-06-02 08:02:44 WARN shipping-service Network unreachable to carrier API
2026-06-02 08:02:45 INFO gateway-service Request completed successfully
2026-06-02 08:02:47 ERROR payment-service Database connection timeout
2026-06-02 08:02:49 ERROR auth-service Authentication token expired
2026-06-02 08:02:50 WARN inventory-service Cache miss for key product_catalog
2026-06-02 08:02:51 ERROR notification-service Failed to send email notification
2026-06-02 08:02:52 CRITICAL search-service Out of memory error during indexing
2026-06-02 08:02:55 ERROR user-service Rate limit exceeded for client
2026-06-02 08:02:56 WARN shipping-service Network unreachable to carrier API
2026-06-02 08:02:57 INFO gateway-service Request completed successfully
2026-06-02 08:03:00 ERROR payment-service Database connection timeout
2026-06-02 08:03:02 ERROR auth-service Authentication token expired
2026-06-02 08:03:03 WARN inventory-service Cache miss for key product_catalog
2026-06-02 08:03:06 ERROR notification-service Failed to send email notification
2026-06-02 08:03:07 CRITICAL search-service Out of memory error during indexing
2026-06-02 08:03:08 ERROR user-service Rate limit exceeded for client
2026-06-02 08:03:11 WARN shipping-service Network unreachable to carrier API
2026-06-02 08:03:13 INFO gateway-service Request completed successfully
2026-06-02 08:03:16 ERROR payment-service Database connection timeout
2026-06-02 08:03:17 ERROR auth-service Authentication token expired
2026-06-02 08:03:19 WARN inventory-service Cache miss for key product_catalog
2026-06-02 08:03:22 ERROR notification-service Failed to send email notification
2026-06-02 08:03:25 CRITICAL search-service Out of memory error during indexing
2026-06-02 08:03:27 ERROR user-service Rate limit exceeded for client
2026-06-02 08:03:28 WARN shipping-service Network unreachable to carrier API
2026-06-02 08:03:31 INFO gateway-service Request completed successfully
2026-06-02 08:03:34 ERROR payment-service Database connection timeout
2026-06-02 08:03:37 ERROR auth-service Authentication token expired
2026-06-02 08:03:38 WARN inventory-service Cache miss for key product_catalog
2026-06-02 08:03:41 ERROR notification-service Failed to send email notification
2026-06-02 08:03:43 CRITICAL search-service Out of memory error during indexing
2026-06-02 08:03:45 ERROR user-service Rate limit exceeded for client
2026-06-02 08:03:48 WARN shipping-service Network unreachable to carrier API
2026-06-02 08:03:51 INFO gateway-service Request completed successfully
2026-06-02 08:03:53 ERROR payment-service Database connection timeout
2026-06-02 08:03:55 ERROR auth-service Authentication token expired
2026-06-02 08:03:58 WARN inventory-service Cache miss for key product_catalog
2026-06-02 08:04:00 ERROR notification-service Failed to send email notification
2026-06-02 08:04:01 CRITICAL search-service Out of memory error during indexing
2026-06-02 08:04:02 ERROR user-service Rate limit exceeded for client
2026-06-02 08:04:03 WARN shipping-service Network unreachable to carrier API
2026-06-02 08:04:04 INFO gateway-service Request completed successfully
2026-06-02 08:04:06 ERROR payment-service Database connection timeout
2026-06-02 08:04:07 ERROR auth-service Authentication token expired
2026-06-02 08:04:10 WARN inventory-service Cache miss for key product_catalog
2026-06-02 08:04:13 ERROR notification-service Failed to send email notification
2026-06-02 08:04:14 CRITICAL search-service Out of memory error during indexing
2026-06-02 08:04:17 ERROR user-service Rate limit exceeded for client
2026-06-02 08:04:18 WARN shipping-service Network unreachable to carrier API
2026-06-02 08:04:19 INFO gateway-service Request completed successfully
2026-06-02 08:04:20 ERROR payment-service Database connection timeout
2026-06-02 08:04:23 ERROR auth-service Authentication token expired
2026-06-02 08:04:26 WARN inventory-service Cache miss for key product_catalog
2026-06-02 08:04:27 ERROR notification-service Failed to send email notification
2026-06-02 08:04:28 CRITICAL search-service Out of memory error during indexing
2026-06-02 08:04:29 ERROR user-service Rate limit exceeded for client
2026-06-02 08:04:30 WARN shipping-service Network unreachable to carrier API
2026-06-02 08:04:32 INFO gateway-service Request completed successfully
2026-06-02 08:04:33 ERROR payment-service Database connection timeout
2026-06-02 08:04:36 ERROR auth-service Authentication token expired
2026-06-02 08:04:37 WARN inventory-service Cache miss for key product_catalog
2026-06-02 08:04:39 ERROR notification-service Failed to send email notification
2026-06-02 08:04:42 CRITICAL search-service Out of memory error during indexing
2026-06-02 08:04:44 ERROR user-service Rate limit exceeded for client
2026-06-02 08:04:45 WARN shipping-service Network unreachable to carrier API
2026-06-02 08:04:48 INFO gateway-service Request completed successfully
2026-06-02 08:04:49 ERROR payment-service Database connection timeout
2026-06-02 08:04:52 ERROR auth-service Authentication token expired
2026-06-02 08:04:55 WARN inventory-service Cache miss for key product_catalog
2026-06-02 08:04:58 ERROR notification-service Failed to send email notification
2026-06-02 08:05:00 CRITICAL search-service Out of memory error during indexing
2026-06-02 08:05:01 ERROR user-service Rate limit exceeded for client
2026-06-02 08:05:03 WARN shipping-service Network unreachable to carrier API
2026-06-02 08:05:05 INFO gateway-service Request completed successfully
2026-06-02 08:05:06 ERROR payment-service Database connection timeout
2026-06-02 08:05:07 ERROR auth-service Authentication token expired
2026-06-02 08:05:08 WARN inventory-service Cache miss for key product_catalog
2026-06-02 08:05:11 ERROR notification-service Failed to send email notification
2026-06-02 08:05:13 CRITICAL search-service Out of memory error during indexing
2026-06-02 08:05:15 ERROR user-service Rate limit exceeded for client
2026-06-02 08:05:17 WARN shipping-service Network unreachable to carrier API
2026-06-02 08:05:19 INFO gateway-service Request completed successfully
